Archive member included to satisfy reference by file (symbol)

B:/ST/STM32CubeIDE_1.15.1/STM32CubeIDE/plugins/com.st.stm32cube.ide.mcu.externaltools.gnu-tools-for-stm32.12.3.rel1.win32_1.0.100.202403111256/tools/bin/../lib/gcc/arm-none-eabi/12.3.1/../../../../arm-none-eabi/lib/thumb/v7e-m+fp/hard\libc_nano.a(libc_a-exit.o)
                              B:/ST/STM32CubeIDE_1.15.1/STM32CubeIDE/plugins/com.st.stm32cube.ide.mcu.externaltools.gnu-tools-for-stm32.12.3.rel1.win32_1.0.100.202403111256/tools/bin/../lib/gcc/arm-none-eabi/12.3.1/../../../../arm-none-eabi/lib/thumb/v7e-m+fp/hard/crt0.o (exit)
B:/ST/STM32CubeIDE_1.15.1/STM32CubeIDE/plugins/com.st.stm32cube.ide.mcu.externaltools.gnu-tools-for-stm32.12.3.rel1.win32_1.0.100.202403111256/tools/bin/../lib/gcc/arm-none-eabi/12.3.1/../../../../arm-none-eabi/lib/thumb/v7e-m+fp/hard\libc_nano.a(libc_a-findfp.o)
                              B:/ST/STM32CubeIDE_1.15.1/STM32CubeIDE/plugins/com.st.stm32cube.ide.mcu.externaltools.gnu-tools-for-stm32.12.3.rel1.win32_1.0.100.202403111256/tools/bin/../lib/gcc/arm-none-eabi/12.3.1/../../../../arm-none-eabi/lib/thumb/v7e-m+fp/hard\libc_nano.a(libc_a-exit.o) (__stdio_exit_handler)
B:/ST/STM32CubeIDE_1.15.1/STM32CubeIDE/plugins/com.st.stm32cube.ide.mcu.externaltools.gnu-tools-for-stm32.12.3.rel1.win32_1.0.100.202403111256/tools/bin/../lib/gcc/arm-none-eabi/12.3.1/../../../../arm-none-eabi/lib/thumb/v7e-m+fp/hard\libc_nano.a(libc_a-fwalk.o)
                              B:/ST/STM32CubeIDE_1.15.1/STM32CubeIDE/plugins/com.st.stm32cube.ide.mcu.externaltools.gnu-tools-for-stm32.12.3.rel1.win32_1.0.100.202403111256/tools/bin/../lib/gcc/arm-none-eabi/12.3.1/../../../../arm-none-eabi/lib/thumb/v7e-m+fp/hard\libc_nano.a(libc_a-findfp.o) (_fwalk_sglue)
B:/ST/STM32CubeIDE_1.15.1/STM32CubeIDE/plugins/com.st.stm32cube.ide.mcu.externaltools.gnu-tools-for-stm32.12.3.rel1.win32_1.0.100.202403111256/tools/bin/../lib/gcc/arm-none-eabi/12.3.1/../../../../arm-none-eabi/lib/thumb/v7e-m+fp/hard\libc_nano.a(libc_a-stdio.o)
                              B:/ST/STM32CubeIDE_1.15.1/STM32CubeIDE/plugins/com.st.stm32cube.ide.mcu.externaltools.gnu-tools-for-stm32.12.3.rel1.win32_1.0.100.202403111256/tools/bin/../lib/gcc/arm-none-eabi/12.3.1/../../../../arm-none-eabi/lib/thumb/v7e-m+fp/hard\libc_nano.a(libc_a-findfp.o) (__sread)
B:/ST/STM32CubeIDE_1.15.1/STM32CubeIDE/plugins/com.st.stm32cube.ide.mcu.externaltools.gnu-tools-for-stm32.12.3.rel1.win32_1.0.100.202403111256/tools/bin/../lib/gcc/arm-none-eabi/12.3.1/../../../../arm-none-eabi/lib/thumb/v7e-m+fp/hard\libc_nano.a(libc_a-vsprintf.o)
                              ./Console/Console.o (vsprintf)
B:/ST/STM32CubeIDE_1.15.1/STM32CubeIDE/plugins/com.st.stm32cube.ide.mcu.externaltools.gnu-tools-for-stm32.12.3.rel1.win32_1.0.100.202403111256/tools/bin/../lib/gcc/arm-none-eabi/12.3.1/../../../../arm-none-eabi/lib/thumb/v7e-m+fp/hard\libc_nano.a(libc_a-memset.o)
                              B:/ST/STM32CubeIDE_1.15.1/STM32CubeIDE/plugins/com.st.stm32cube.ide.mcu.externaltools.gnu-tools-for-stm32.12.3.rel1.win32_1.0.100.202403111256/tools/bin/../lib/gcc/arm-none-eabi/12.3.1/../../../../arm-none-eabi/lib/thumb/v7e-m+fp/hard/crt0.o (memset)
B:/ST/STM32CubeIDE_1.15.1/STM32CubeIDE/plugins/com.st.stm32cube.ide.mcu.externaltools.gnu-tools-for-stm32.12.3.rel1.win32_1.0.100.202403111256/tools/bin/../lib/gcc/arm-none-eabi/12.3.1/../../../../arm-none-eabi/lib/thumb/v7e-m+fp/hard\libc_nano.a(libc_a-closer.o)
                              B:/ST/STM32CubeIDE_1.15.1/STM32CubeIDE/plugins/com.st.stm32cube.ide.mcu.externaltools.gnu-tools-for-stm32.12.3.rel1.win32_1.0.100.202403111256/tools/bin/../lib/gcc/arm-none-eabi/12.3.1/../../../../arm-none-eabi/lib/thumb/v7e-m+fp/hard\libc_nano.a(libc_a-stdio.o) (_close_r)
B:/ST/STM32CubeIDE_1.15.1/STM32CubeIDE/plugins/com.st.stm32cube.ide.mcu.externaltools.gnu-tools-for-stm32.12.3.rel1.win32_1.0.100.202403111256/tools/bin/../lib/gcc/arm-none-eabi/12.3.1/../../../../arm-none-eabi/lib/thumb/v7e-m+fp/hard\libc_nano.a(libc_a-reent.o)
                              B:/ST/STM32CubeIDE_1.15.1/STM32CubeIDE/plugins/com.st.stm32cube.ide.mcu.externaltools.gnu-tools-for-stm32.12.3.rel1.win32_1.0.100.202403111256/tools/bin/../lib/gcc/arm-none-eabi/12.3.1/../../../../arm-none-eabi/lib/thumb/v7e-m+fp/hard\libc_nano.a(libc_a-closer.o) (errno)
B:/ST/STM32CubeIDE_1.15.1/STM32CubeIDE/plugins/com.st.stm32cube.ide.mcu.externaltools.gnu-tools-for-stm32.12.3.rel1.win32_1.0.100.202403111256/tools/bin/../lib/gcc/arm-none-eabi/12.3.1/../../../../arm-none-eabi/lib/thumb/v7e-m+fp/hard\libc_nano.a(libc_a-impure.o)
                              B:/ST/STM32CubeIDE_1.15.1/STM32CubeIDE/plugins/com.st.stm32cube.ide.mcu.externaltools.gnu-tools-for-stm32.12.3.rel1.win32_1.0.100.202403111256/tools/bin/../lib/gcc/arm-none-eabi/12.3.1/../../../../arm-none-eabi/lib/thumb/v7e-m+fp/hard\libc_nano.a(libc_a-vsprintf.o) (_impure_ptr)
[...]
Memory Configuration

Name             Origin             Length             Attributes
CCMRAM           0x10000000         0x00010000         xrw
RAM              0x20000000         0x00020000         xrw
FLASH            0x08000000         0x00100000         xr
*default*        0x00000000         0xffffffff

Linker script and memory map

LOAD B:/ST/STM32CubeIDE_1.15.1/STM32CubeIDE/plugins/com.st.stm32cube.ide.mcu.externaltools.gnu-tools-for-stm32.12.3.rel1.win32_1.0.100.202403111256/tools/bin/../lib/gcc/arm-none-eabi/12.3.1/thumb/v7e-m+fp/hard/crti.o
LOAD B:/ST/STM32CubeIDE_1.15.1/STM32CubeIDE/plugins/com.st.stm32cube.ide.mcu.externaltools.gnu-tools-for-stm32.12.3.rel1.win32_1.0.100.202403111256/tools/bin/../lib/gcc/arm-none-eabi/12.3.1/thumb/v7e-m+fp/hard/crtbegin.o
LOAD B:/ST/STM32CubeIDE_1.15.1/STM32CubeIDE/plugins/com.st.stm32cube.ide.mcu.externaltools.gnu-tools-for-stm32.12.3.rel1.win32_1.0.100.202403111256/tools/bin/../lib/gcc/arm-none-eabi/12.3.1/../../../../arm-none-eabi/lib/thumb/v7e-m+fp/hard/crt0.o
LOAD ./CAN/CAN.o
LOAD ./Console/Console.o
LOAD ./GPIO/GPIO.o
LOAD ./Src/main.o
LOAD ./Src/syscalls.o
LOAD ./Src/sysmem.o
LOAD ./Src/system_stm32f4xx.o
LOAD ./Startup/startup_stm32f407vgtx.o
LOAD ./USART/USART.o
START GROUP
LOAD B:/ST/STM32CubeIDE_1.15.1/STM32CubeIDE/plugins/com.st.stm32cube.ide.mcu.externaltools.gnu-tools-for-stm32.12.3.rel1.win32_1.0.100.202403111256/tools/bin/../lib/gcc/arm-none-eabi/12.3.1/../../../../arm-none-eabi/lib/thumb/v7e-m+fp/hard\libc_nano.a
LOAD B:/ST/STM32CubeIDE_1.15.1/STM32CubeIDE/plugins/com.st.stm32cube.ide.mcu.externaltools.gnu-tools-for-stm32.12.3.rel1.win32_1.0.100.202403111256/tools/bin/../lib/gcc/arm-none-eabi/12.3.1/../../../../arm-none-eabi/lib/thumb/v7e-m+fp/hard\libm.a
END GROUP
START GROUP
LOAD B:/ST/STM32CubeIDE_1.15.1/STM32CubeIDE/plugins/com.st.stm32cube.ide.mcu.externaltools.gnu-tools-for-stm32.12.3.rel1.win32_1.0.100.202403111256/tools/bin/../lib/gcc/arm-none-eabi/12.3.1/thumb/v7e-m+fp/hard\libgcc.a
LOAD B:/ST/STM32CubeIDE_1.15.1/STM32CubeIDE/plugins/com.st.stm32cube.ide.mcu.externaltools.gnu-tools-for-stm32.12.3.rel1.win32_1.0.100.202403111256/tools/bin/../lib/gcc/arm-none-eabi/12.3.1/../../../../arm-none-eabi/lib/thumb/v7e-m+fp/hard\libc_nano.a
END GROUP
START GROUP
LOAD B:/ST/STM32CubeIDE_1.15.1/STM32CubeIDE/plugins/com.st.stm32cube.ide.mcu.externaltools.gnu-tools-for-stm32.12.3.rel1.win32_1.0.100.202403111256/tools/bin/../lib/gcc/arm-none-eabi/12.3.1/thumb/v7e-m+fp/hard\libgcc.a
LOAD B:/ST/STM32CubeIDE_1.15.1/STM32CubeIDE/plugins/com.st.stm32cube.ide.mcu.externaltools.gnu-tools-for-stm32.12.3.rel1.win32_1.0.100.202403111256/tools/bin/../lib/gcc/arm-none-eabi/12.3.1/../../../../arm-none-eabi/lib/thumb/v7e-m+fp/hard\libc_nano.a
LOAD B:/ST/STM32CubeIDE_1.15.1/STM32CubeIDE/plugins/com.st.stm32cube.ide.mcu.externaltools.gnu-tools-for-stm32.12.3.rel1.win32_1.0.100.202403111256/tools/bin/../lib/gcc/arm-none-eabi/12.3.1/../../../../arm-none-eabi/lib/thumb/v7e-m+fp/hard\libnosys.a
END GROUP
START GROUP
LOAD B:/ST/STM32CubeIDE_1.15.1/STM32CubeIDE/plugins/com.st.stm32cube.ide.mcu.externaltools.gnu-tools-for-stm32.12.3.rel1.win32_1.0.100.202403111256/tools/bin/../lib/gcc/arm-none-eabi/12.3.1/thumb/v7e-m+fp/hard\libgcc.a
LOAD B:/ST/STM32CubeIDE_1.15.1/STM32CubeIDE/plugins/com.st.stm32cube.ide.mcu.externaltools.gnu-tools-for-stm32.12.3.rel1.win32_1.0.100.202403111256/tools/bin/../lib/gcc/arm-none-eabi/12.3.1/../../../../arm-none-eabi/lib/thumb/v7e-m+fp/hard\libc_nano.a
LOAD B:/ST/STM32CubeIDE_1.15.1/STM32CubeIDE/plugins/com.st.stm32cube.ide.mcu.externaltools.gnu-tools-for-stm32.12.3.rel1.win32_1.0.100.202403111256/tools/bin/../lib/gcc/arm-none-eabi/12.3.1/../../../../arm-none-eabi/lib/thumb/v7e-m+fp/hard\libnosys.a
END GROUP
LOAD B:/ST/STM32CubeIDE_1.15.1/STM32CubeIDE/plugins/com.st.stm32cube.ide.mcu.externaltools.gnu-tools-for-stm32.12.3.rel1.win32_1.0.100.202403111256/tools/bin/../lib/gcc/arm-none-eabi/12.3.1/thumb/v7e-m+fp/hard/crtend.o
LOAD B:/ST/STM32CubeIDE_1.15.1/STM32CubeIDE/plugins/com.st.stm32cube.ide.mcu.externaltools.gnu-tools-for-stm32.12.3.rel1.win32_1.0.100.202403111256/tools/bin/../lib/gcc/arm-none-eabi/12.3.1/thumb/v7e-m+fp/hard/crtn.o
                0x20020000                        _estack = (ORIGIN (RAM) + LENGTH (RAM))
                0x00000200                        _Min_Heap_Size = 0x200
                0x00000400                        _Min_Stack_Size = 0x400

.isr_vector     0x08000000      0x188
                0x08000000                        . = ALIGN (0x4)
 *(.isr_vector)
 .isr_vector    0x08000000      0x188 ./Startup/startup_stm32f407vgtx.o
                0x08000000                g_pfnVectors
                0x08000188                        . = ALIGN (0x4)

.text           0x08000188      0xb8c
                0x08000188                        . = ALIGN (0x4)
 *(.text)
 .text          0x08000188       0x40 B:/ST/STM32CubeIDE_1.15.1/STM32CubeIDE/plugins/com.st.stm32cube.ide.mcu.externaltools.gnu-tools-for-stm32.12.3.rel1.win32_1.0.100.202403111256/tools/bin/../lib/gcc/arm-none-eabi/12.3.1/thumb/v7e-m+fp/hard/crtbegin.o
 *(.text*)
 .text.CAN_Init
                0x080001c8      0x2d4 ./CAN/CAN.o
                0x080001c8                CAN_Init
 .text.CAN_Send_Packet
                0x0800049c      0x29e ./CAN/CAN.o
                0x0800049c                CAN_Send_Packet
 *fill*         0x0800073a        0x2 
 .text.GPIO_Clock_Enable
                0x0800073c       0xbc ./GPIO/GPIO.o
                0x0800073c                GPIO_Clock_Enable
 .text.GPIO_Pin_Init
                0x080007f8       0xa8 ./GPIO/GPIO.o
                0x080007f8                GPIO_Pin_Init
 .text.__NVIC_SetPriority
                0x080008a0       0x54 ./Src/main.o
 .text.SysTick_Config
                0x080008f4       0x44 ./Src/main.o
 .text.MCU_Clock_Setup
                0x08000938      0x120 ./Src/main.o
 .text.Delay_Config
                0x08000a58       0x30 ./Src/main.o
 .text.main     0x08000a88       0xb4 ./Src/main.o
                0x08000a88                main
 .text.SystemInit
                0x08000b3c       0x24 ./Src/system_stm32f4xx.o
                0x08000b3c                SystemInit
 .text.SystemCoreClockUpdate
                0x08000b60      0x100 ./Src/system_stm32f4xx.o
                0x08000b60                SystemCoreClockUpdate
 .text.Reset_Handler
                0x08000c60       0x50 ./Startup/startup_stm32f407vgtx.o
                0x08000c60                Reset_Handler
 .text.Default_Handler
                0x08000cb0        0x2 ./Startup/startup_stm32f407vgtx.o
                0x08000cb0                RTC_Alarm_IRQHandler
                0x08000cb0                HASH_RNG_IRQHandler
                0x08000cb0                EXTI2_IRQHandler
                0x08000cb0                TIM8_CC_IRQHandler
                0x08000cb0                DebugMon_Handler
                0x08000cb0                TIM1_CC_IRQHandler
                0x08000cb0                DMA2_Stream5_IRQHandler
                0x08000cb0                HardFault_Handler
                0x08000cb0                DMA1_Stream5_IRQHandler
                0x08000cb0                SysTick_Handler
                0x08000cb0                PVD_IRQHandler
                0x08000cb0                SDIO_IRQHandler
                0x08000cb0                TAMP_STAMP_IRQHandler
                0x08000cb0                PendSV_Handler
                0x08000cb0                NMI_Handler
                0x08000cb0                CAN2_RX1_IRQHandler
                0x08000cb0                EXTI3_IRQHandler
                0x08000cb0                TIM8_TRG_COM_TIM14_IRQHandler
                0x08000cb0                TIM1_UP_TIM10_IRQHandler
                0x08000cb0                TIM8_UP_TIM13_IRQHandler
                0x08000cb0                I2C3_ER_IRQHandler
                0x08000cb0                EXTI0_IRQHandler
                0x08000cb0                I2C2_EV_IRQHandler
                0x08000cb0                DMA1_Stream2_IRQHandler
                0x08000cb0                CAN1_RX0_IRQHandler
                0x08000cb0                FPU_IRQHandler
                0x08000cb0                OTG_HS_WKUP_IRQHandler
                0x08000cb0                UsageFault_Handler
                0x08000cb0                CAN2_SCE_IRQHandler
                0x08000cb0                DMA2_Stream2_IRQHandler
                0x08000cb0                SPI1_IRQHandler
                0x08000cb0                TIM6_DAC_IRQHandler
                0x08000cb0                TIM1_BRK_TIM9_IRQHandler
                0x08000cb0                DCMI_IRQHandler
                0x08000cb0                CAN2_RX0_IRQHandler
                0x08000cb0                DMA2_Stream3_IRQHandler
                0x08000cb0                USART6_IRQHandler
                0x08000cb0                USART3_IRQHandler
                0x08000cb0                CRYP_IRQHandler
                0x08000cb0                CAN1_RX1_IRQHandler
                0x08000cb0                UART5_IRQHandler
                0x08000cb0                DMA2_Stream0_IRQHandler
                0x08000cb0                TIM4_IRQHandler
                0x08000cb0                I2C1_EV_IRQHandler
                0x08000cb0                DMA1_Stream6_IRQHandler
                0x08000cb0                DMA1_Stream1_IRQHandler
                0x08000cb0                UART4_IRQHandler
                0x08000cb0                TIM3_IRQHandler
                0x08000cb0                RCC_IRQHandler
                0x08000cb0                TIM8_BRK_TIM12_IRQHandler
                0x08000cb0                Default_Handler
                0x08000cb0                EXTI15_10_IRQHandler
                0x08000cb0                ADC_IRQHandler
                0x08000cb0                DMA1_Stream7_IRQHandler
                0x08000cb0                TIM7_IRQHandler
                0x08000cb0                CAN2_TX_IRQHandler
                0x08000cb0                TIM5_IRQHandler
                0x08000cb0                DMA2_Stream7_IRQHandler
                0x08000cb0                I2C3_EV_IRQHandler
                0x08000cb0                EXTI9_5_IRQHandler
                0x08000cb0                RTC_WKUP_IRQHandler
                0x08000cb0                ETH_WKUP_IRQHandler
                0x08000cb0                SPI2_IRQHandler
                0x08000cb0                OTG_HS_EP1_IN_IRQHandler
                0x08000cb0                MemManage_Handler
                0x08000cb0                DMA1_Stream0_IRQHandler
                0x08000cb0                CAN1_TX_IRQHandler
                0x08000cb0                SVC_Handler
                0x08000cb0                EXTI4_IRQHandler
                0x08000cb0                FSMC_IRQHandler
                0x08000cb0                ETH_IRQHandler
                0x08000cb0                OTG_HS_EP1_OUT_IRQHandler
                0x08000cb0                WWDG_IRQHandler
                0x08000cb0                TIM2_IRQHandler
                0x08000cb0                OTG_FS_WKUP_IRQHandler
                0x08000cb0                TIM1_TRG_COM_TIM11_IRQHandler
                0x08000cb0                OTG_HS_IRQHandler
                0x08000cb0                EXTI1_IRQHandler
                0x08000cb0                USART2_IRQHandler
                0x08000cb0                I2C2_ER_IRQHandler
                0x08000cb0                DMA2_Stream1_IRQHandler
                0x08000cb0                CAN1_SCE_IRQHandler
                0x08000cb0                DMA2_Stream4_IRQHandler
                0x08000cb0                BusFault_Handler
                0x08000cb0                USART1_IRQHandler
                0x08000cb0                OTG_FS_IRQHandler
                0x08000cb0                SPI3_IRQHandler
                0x08000cb0                DMA1_Stream4_IRQHandler
                0x08000cb0                I2C1_ER_IRQHandler
                0x08000cb0                DMA2_Stream6_IRQHandler
                0x08000cb0                DMA1_Stream3_IRQHandler
 *fill*         0x08000cb2        0x2 
 .text.__libc_init_array
                0x08000cb4       0x48 B:/ST/STM32CubeIDE_1.15.1/STM32CubeIDE/plugins/com.st.stm32cube.ide.mcu.externaltools.gnu-tools-for-stm32.12.3.rel1.win32_1.0.100.202403111256/tools/bin/../lib/gcc/arm-none-eabi/12.3.1/../../../../arm-none-eabi/lib/thumb/v7e-m+fp/hard\libc_nano.a(libc_a-init.o)
                0x08000cb4                __libc_init_array
 *(.glue_7)
 .glue_7        0x08000cfc        0x0 linker stubs
 *(.glue_7t)
 .glue_7t       0x08000cfc        0x0 linker stubs
 *(.eh_frame)
 .eh_frame      0x08000cfc        0x0 B:/ST/STM32CubeIDE_1.15.1/STM32CubeIDE/plugins/com.st.stm32cube.ide.mcu.externaltools.gnu-tools-for-stm32.12.3.rel1.win32_1.0.100.202403111256/tools/bin/../lib/gcc/arm-none-eabi/12.3.1/thumb/v7e-m+fp/hard/crtbegin.o
 *(.init)
 .init          0x08000cfc        0x4 B:/ST/STM32CubeIDE_1.15.1/STM32CubeIDE/plugins/com.st.stm32cube.ide.mcu.externaltools.gnu-tools-for-stm32.12.3.rel1.win32_1.0.100.202403111256/tools/bin/../lib/gcc/arm-none-eabi/12.3.1/thumb/v7e-m+fp/hard/crti.o
                0x08000cfc                _init
 .init          0x08000d00        0x8 B:/ST/STM32CubeIDE_1.15.1/STM32CubeIDE/plugins/com.st.stm32cube.ide.mcu.externaltools.gnu-tools-for-stm32.12.3.rel1.win32_1.0.100.202403111256/tools/bin/../lib/gcc/arm-none-eabi/12.3.1/thumb/v7e-m+fp/hard/crtn.o
 *(.fini)
 .fini          0x08000d08        0x4 B:/ST/STM32CubeIDE_1.15.1/STM32CubeIDE/plugins/com.st.stm32cube.ide.mcu.externaltools.gnu-tools-for-stm32.12.3.rel1.win32_1.0.100.202403111256/tools/bin/../lib/gcc/arm-none-eabi/12.3.1/thumb/v7e-m+fp/hard/crti.o
                0x08000d08                _fini
 .fini          0x08000d0c        0x8 B:/ST/STM32CubeIDE_1.15.1/STM32CubeIDE/plugins/com.st.stm32cube.ide.mcu.externaltools.gnu-tools-for-stm32.12.3.rel1.win32_1.0.100.202403111256/tools/bin/../lib/gcc/arm-none-eabi/12.3.1/thumb/v7e-m+fp/hard/crtn.o
                0x08000d14                        . = ALIGN (0x4)
                0x08000d14                        _etext = .

.vfp11_veneer   0x08000d14        0x0
 .vfp11_veneer  0x08000d14        0x0 linker stubs

.v4_bx          0x08000d14        0x0
 .v4_bx         0x08000d14        0x0 linker stubs

.iplt           0x08000d14        0x0
 .iplt          0x08000d14        0x0 B:/ST/STM32CubeIDE_1.15.1/STM32CubeIDE/plugins/com.st.stm32cube.ide.mcu.externaltools.gnu-tools-for-stm32.12.3.rel1.win32_1.0.100.202403111256/tools/bin/../lib/gcc/arm-none-eabi/12.3.1/thumb/v7e-m+fp/hard/crtbegin.o

.rodata         0x08000d14       0x10
                0x08000d14                        . = ALIGN (0x4)
 *(.rodata)
 *(.rodata*)
 .rodata.AHBPrescTable
                0x08000d14       0x10 ./Src/system_stm32f4xx.o
                0x08000d14                AHBPrescTable
                0x08000d24                        . = ALIGN (0x4)

.ARM.extab      0x08000d24        0x0
                0x08000d24                        . = ALIGN (0x4)
 *(.ARM.extab* .gnu.linkonce.armextab.*)
                0x08000d24                        . = ALIGN (0x4)

.ARM            0x08000d24        0x0
                0x08000d24                        . = ALIGN (0x4)
                0x08000d24                        __exidx_start = .
 *(.ARM.exidx*)
                0x08000d24                        __exidx_end = .
                0x08000d24                        . = ALIGN (0x4)

.preinit_array  0x08000d24        0x0
                0x08000d24                        . = ALIGN (0x4)
                0x08000d24                        PROVIDE (__preinit_array_start = .)
 *(.preinit_array*)
                0x08000d24                        PROVIDE (__preinit_array_end = .)
                0x08000d24                        . = ALIGN (0x4)

.init_array     0x08000d24        0x4
                0x08000d24                        . = ALIGN (0x4)
                0x08000d24                        PROVIDE (__init_array_start = .)
 *(SORT_BY_NAME(.init_array.*))
 *(.init_array*)
 .init_array    0x08000d24        0x4 B:/ST/STM32CubeIDE_1.15.1/STM32CubeIDE/plugins/com.st.stm32cube.ide.mcu.externaltools.gnu-tools-for-stm32.12.3.rel1.win32_1.0.100.202403111256/tools/bin/../lib/gcc/arm-none-eabi/12.3.1/thumb/v7e-m+fp/hard/crtbegin.o
                0x08000d28                        PROVIDE (__init_array_end = .)
                0x08000d28                        . = ALIGN (0x4)

.fini_array     0x08000d28        0x4
                0x08000d28                        . = ALIGN (0x4)
                [!provide]                        PROVIDE (__fini_array_start = .)
 *(SORT_BY_NAME(.fini_array.*))
 *(.fini_array*)
 .fini_array    0x08000d28        0x4 B:/ST/STM32CubeIDE_1.15.1/STM32CubeIDE/plugins/com.st.stm32cube.ide.mcu.externaltools.gnu-tools-for-stm32.12.3.rel1.win32_1.0.100.202403111256/tools/bin/../lib/gcc/arm-none-eabi/12.3.1/thumb/v7e-m+fp/hard/crtbegin.o
                [!provide]                        PROVIDE (__fini_array_end = .)
                0x08000d2c                        . = ALIGN (0x4)
                0x08000d2c                        _sidata = LOADADDR (.data)

.rel.dyn        0x08000d2c        0x0
 .rel.iplt      0x08000d2c        0x0 B:/ST/STM32CubeIDE_1.15.1/STM32CubeIDE/plugins/com.st.stm32cube.ide.mcu.externaltools.gnu-tools-for-stm32.12.3.rel1.win32_1.0.100.202403111256/tools/bin/../lib/gcc/arm-none-eabi/12.3.1/thumb/v7e-m+fp/hard/crtbegin.o

.data           0x20000000        0x4 load address 0x08000d2c
                0x20000000                        . = ALIGN (0x4)
                0x20000000                        _sdata = .
 *(.data)
 *(.data*)
 .data.SystemCoreClock
                0x20000000        0x4 ./Src/system_stm32f4xx.o
                0x20000000                SystemCoreClock
 *(.RamFunc)
 *(.RamFunc*)
                0x20000004                        . = ALIGN (0x4)
                0x20000004                        _edata = .
                0x08000d30                        _siccmram = LOADADDR (.ccmram)

.igot.plt       0x20000004        0x0 load address 0x08000d30
 .igot.plt      0x20000004        0x0 B:/ST/STM32CubeIDE_1.15.1/STM32CubeIDE/plugins/com.st.stm32cube.ide.mcu.externaltools.gnu-tools-for-stm32.12.3.rel1.win32_1.0.100.202403111256/tools/bin/../lib/gcc/arm-none-eabi/12.3.1/thumb/v7e-m+fp/hard/crtbegin.o

.ccmram         0x10000000        0x0 load address 0x08000d30
                0x10000000                        . = ALIGN (0x4)
                0x10000000                        _sccmram = .
 *(.ccmram)
 *(.ccmram*)
                0x10000000                        . = ALIGN (0x4)
                0x10000000                        _eccmram = .
                0x10000000                        . = ALIGN (0x4)

.bss            0x20000004       0x74
                0x20000004                        _sbss = .
                0x20000004                        __bss_start__ = _sbss
 *(.bss)
 .bss           0x20000004       0x1c B:/ST/STM32CubeIDE_1.15.1/STM32CubeIDE/plugins/com.st.stm32cube.ide.mcu.externaltools.gnu-tools-for-stm32.12.3.rel1.win32_1.0.100.202403111256/tools/bin/../lib/gcc/arm-none-eabi/12.3.1/thumb/v7e-m+fp/hard/crtbegin.o
 *(.bss*)
 .bss.Master1   0x20000020       0x14 ./Src/main.o
                0x20000020                Master1
 .bss.Master2   0x20000034       0x14 ./Src/main.o
                0x20000034                Master2
 .bss.Master_TX
                0x20000048       0x30 ./Src/main.o
                0x20000048                Master_TX
 *(COMMON)
                0x20000078                        . = ALIGN (0x4)
                0x20000078                        _ebss = .
                0x20000078                        __bss_end__ = _ebss

._user_heap_stack
                0x20000078      0x600
                0x20000078                        . = ALIGN (0x8)
                [!provide]                        PROVIDE (end = .)
                0x20000078                        PROVIDE (_end = .)
                0x20000278                        . = (. + _Min_Heap_Size)
 *fill*         0x20000078      0x200 
                0x20000678                        . = (. + _Min_Stack_Size)
 *fill*         0x20000278      0x400 
                0x20000678                        . = ALIGN (0x8)

/DISCARD/
 libc.a(*)
 libm.a(*)
 libgcc.a(*)

.ARM.attributes
                0x00000000       0x30
 *(.ARM.attributes)
 .ARM.attributes
                0x00000000       0x22 B:/ST/STM32CubeIDE_1.15.1/STM32CubeIDE/plugins/com.st.stm32cube.ide.mcu.externaltools.gnu-tools-for-stm32.12.3.rel1.win32_1.0.100.202403111256/tools/bin/../lib/gcc/arm-none-eabi/12.3.1/thumb/v7e-m+fp/hard/crti.o
 .ARM.attributes
                0x00000022       0x34 B:/ST/STM32CubeIDE_1.15.1/STM32CubeIDE/plugins/com.st.stm32cube.ide.mcu.externaltools.gnu-tools-for-stm32.12.3.rel1.win32_1.0.100.202403111256/tools/bin/../lib/gcc/arm-none-eabi/12.3.1/thumb/v7e-m+fp/hard/crtbegin.o
 .ARM.attributes
                0x00000056       0x34 ./CAN/CAN.o
 .ARM.attributes
                0x0000008a       0x34 ./GPIO/GPIO.o
 .ARM.attributes
                0x000000be       0x34 ./Src/main.o
 .ARM.attributes
                0x000000f2       0x34 ./Src/system_stm32f4xx.o
 .ARM.attributes
                0x00000126       0x21 ./Startup/startup_stm32f407vgtx.o
 .ARM.attributes
                0x00000147       0x34 B:/ST/STM32CubeIDE_1.15.1/STM32CubeIDE/plugins/com.st.stm32cube.ide.mcu.externaltools.gnu-tools-for-stm32.12.3.rel1.win32_1.0.100.202403111256/tools/bin/../lib/gcc/arm-none-eabi/12.3.1/../../../../arm-none-eabi/lib/thumb/v7e-m+fp/hard\libc_nano.a(libc_a-init.o)
 .ARM.attributes
                0x0000017b       0x22 B:/ST/STM32CubeIDE_1.15.1/STM32CubeIDE/plugins/com.st.stm32cube.ide.mcu.externaltools.gnu-tools-for-stm32.12.3.rel1.win32_1.0.100.202403111256/tools/bin/../lib/gcc/arm-none-eabi/12.3.1/thumb/v7e-m+fp/hard/crtn.o
OUTPUT(CAN_F407.elf elf32-littlearm)
LOAD linker stubs
LOAD B:/ST/STM32CubeIDE_1.15.1/STM32CubeIDE/plugins/com.st.stm32cube.ide.mcu.externaltools.gnu-tools-for-stm32.12.3.rel1.win32_1.0.100.202403111256/tools/bin/../lib/gcc/arm-none-eabi/12.3.1/../../../../arm-none-eabi/lib/thumb/v7e-m+fp/hard\libc.a
LOAD B:/ST/STM32CubeIDE_1.15.1/STM32CubeIDE/plugins/com.st.stm32cube.ide.mcu.externaltools.gnu-tools-for-stm32.12.3.rel1.win32_1.0.100.202403111256/tools/bin/../lib/gcc/arm-none-eabi/12.3.1/../../../../arm-none-eabi/lib/thumb/v7e-m+fp/hard\libm.a
LOAD B:/ST/STM32CubeIDE_1.15.1/STM32CubeIDE/plugins/com.st.stm32cube.ide.mcu.externaltools.gnu-tools-for-stm32.12.3.rel1.win32_1.0.100.202403111256/tools/bin/../lib/gcc/arm-none-eabi/12.3.1/thumb/v7e-m+fp/hard\libgcc.a

.debug_info     0x00000000     0x3837
 .debug_info    0x00000000     0x102d ./CAN/CAN.o
 .debug_info    0x0000102d      0xe33 ./GPIO/GPIO.o
 .debug_info    0x00001e60     0x149c ./Src/main.o
 .debug_info    0x000032fc      0x50b ./Src/system_stm32f4xx.o
 .debug_info    0x00003807       0x30 ./Startup/startup_stm32f407vgtx.o

.debug_abbrev   0x00000000      0x7ad
 .debug_abbrev  0x00000000      0x1ff ./CAN/CAN.o
 .debug_abbrev  0x000001ff      0x20d ./GPIO/GPIO.o
 .debug_abbrev  0x0000040c      0x263 ./Src/main.o
 .debug_abbrev  0x0000066f      0x11a ./Src/system_stm32f4xx.o
 .debug_abbrev  0x00000789       0x24 ./Startup/startup_stm32f407vgtx.o

.debug_aranges  0x00000000      0x128
 .debug_aranges
                0x00000000       0x40 ./CAN/CAN.o
 .debug_aranges
                0x00000040       0x58 ./GPIO/GPIO.o
 .debug_aranges
                0x00000098       0x40 ./Src/main.o
 .debug_aranges
                0x000000d8       0x28 ./Src/system_stm32f4xx.o
 .debug_aranges
                0x00000100       0x28 ./Startup/startup_stm32f407vgtx.o

.debug_rnglists
                0x00000000       0xd0
 .debug_rnglists
                0x00000000       0x2f ./CAN/CAN.o
 .debug_rnglists
                0x0000002f       0x41 ./GPIO/GPIO.o
 .debug_rnglists
                0x00000070       0x2d ./Src/main.o
 .debug_rnglists
                0x0000009d       0x1a ./Src/system_stm32f4xx.o
 .debug_rnglists
                0x000000b7       0x19 ./Startup/startup_stm32f407vgtx.o

.debug_macro    0x00000000    0x19c35
 .debug_macro   0x00000000      0x27c ./CAN/CAN.o
 .debug_macro   0x0000027c      0xaba ./CAN/CAN.o
 .debug_macro   0x00000d36       0x2f ./CAN/CAN.o
 .debug_macro   0x00000d65       0x22 ./CAN/CAN.o
 .debug_macro   0x00000d87       0x8e ./CAN/CAN.o
 .debug_macro   0x00000e15       0x51 ./CAN/CAN.o
 .debug_macro   0x00000e66      0x103 ./CAN/CAN.o
 .debug_macro   0x00000f69       0x6a ./CAN/CAN.o
 .debug_macro   0x00000fd3      0x1df ./CAN/CAN.o
 .debug_macro   0x000011b2       0x1c ./CAN/CAN.o
 .debug_macro   0x000011ce       0x22 ./CAN/CAN.o
 .debug_macro   0x000011f0       0xd9 ./CAN/CAN.o
 .debug_macro   0x000012c9     0x102d ./CAN/CAN.o
 .debug_macro   0x000022f6      0x11f ./CAN/CAN.o
 .debug_macro   0x00002415    0x15e89 ./CAN/CAN.o
 .debug_macro   0x0001829e       0x97 ./CAN/CAN.o
 .debug_macro   0x00018335       0x61 ./CAN/CAN.o
 .debug_macro   0x00018396       0x2a ./CAN/CAN.o
 .debug_macro   0x000183c0       0x43 ./CAN/CAN.o
 .debug_macro   0x00018403       0x34 ./CAN/CAN.o
 .debug_macro   0x00018437       0x16 ./CAN/CAN.o
 .debug_macro   0x0001844d       0x9e ./CAN/CAN.o
 .debug_macro   0x000184eb      0x369 ./CAN/CAN.o
 .debug_macro   0x00018854      0x10b ./CAN/CAN.o
 .debug_macro   0x0001895f       0x10 ./CAN/CAN.o
 .debug_macro   0x0001896f       0x16 ./CAN/CAN.o
 .debug_macro   0x00018985       0x43 ./CAN/CAN.o
 .debug_macro   0x000189c8       0x34 ./CAN/CAN.o
 .debug_macro   0x000189fc       0x10 ./CAN/CAN.o
 .debug_macro   0x00018a0c       0x58 ./CAN/CAN.o
 .debug_macro   0x00018a64       0x8e ./CAN/CAN.o
 .debug_macro   0x00018af2       0x1c ./CAN/CAN.o
 .debug_macro   0x00018b0e      0x177 ./CAN/CAN.o
 .debug_macro   0x00018c85       0x16 ./CAN/CAN.o
 .debug_macro   0x00018c9b       0x16 ./CAN/CAN.o
 .debug_macro   0x00018cb1      0x146 ./CAN/CAN.o
 .debug_macro   0x00018df7      0x19b ./CAN/CAN.o
 .debug_macro   0x00018f92       0x10 ./CAN/CAN.o
 .debug_macro   0x00018fa2       0x35 ./CAN/CAN.o
 .debug_macro   0x00018fd7      0x460 ./CAN/CAN.o
 .debug_macro   0x00019437       0x16 ./CAN/CAN.o
 .debug_macro   0x0001944d       0x20 ./CAN/CAN.o
 .debug_macro   0x0001946d       0x16 ./CAN/CAN.o
 .debug_macro   0x00019483       0x16 ./CAN/CAN.o
 .debug_macro   0x00019499       0x29 ./CAN/CAN.o
 .debug_macro   0x000194c2       0x4c ./CAN/CAN.o
 .debug_macro   0x0001950e       0x22 ./CAN/CAN.o
 .debug_macro   0x00019530       0xab ./CAN/CAN.o
 .debug_macro   0x000195db      0x269 ./GPIO/GPIO.o
 .debug_macro   0x00019844      0x27c ./Src/main.o
 .debug_macro   0x00019ac0       0xda ./Src/system_stm32f4xx.o
 .debug_macro   0x00019b9a       0x2e ./Src/system_stm32f4xx.o
 .debug_macro   0x00019bc8       0x6d ./Src/system_stm32f4xx.o

.debug_line     0x00000000     0x24f8
 .debug_line    0x00000000      0xd16 ./CAN/CAN.o
 .debug_line    0x00000d16      0x91b ./GPIO/GPIO.o
 .debug_line    0x00001631      0x913 ./Src/main.o
 .debug_line    0x00001f44      0x539 ./Src/system_stm32f4xx.o
 .debug_line    0x0000247d       0x7b ./Startup/startup_stm32f407vgtx.o

.debug_str      0x00000000    0x8e4f8
 .debug_str     0x00000000    0x8dcfe ./CAN/CAN.o
                              0x8df87 (size before relaxing)
 .debug_str     0x0008dcfe      0x639 ./GPIO/GPIO.o
                              0x8e082 (size before relaxing)
 .debug_str     0x0008e337       0xe9 ./Src/main.o
                              0x8e513 (size before relaxing)
 .debug_str     0x0008e420       0x99 ./Src/system_stm32f4xx.o
                              0x882fe (size before relaxing)
 .debug_str     0x0008e4b9       0x3f ./Startup/startup_stm32f407vgtx.o
                                 0x6c (size before relaxing)

.comment        0x00000000       0x43
 .comment       0x00000000       0x43 ./CAN/CAN.o
                                 0x44 (size before relaxing)
 .comment       0x00000043       0x44 ./GPIO/GPIO.o
 .comment       0x00000043       0x44 ./Src/main.o
 .comment       0x00000043       0x44 ./Src/system_stm32f4xx.o

.debug_frame    0x00000000      0x360
 .debug_frame   0x00000000       0xd8 ./CAN/CAN.o
 .debug_frame   0x000000d8      0x148 ./GPIO/GPIO.o
 .debug_frame   0x00000220       0xbc ./Src/main.o
 .debug_frame   0x000002dc       0x58 ./Src/system_stm32f4xx.o
 .debug_frame   0x00000334       0x2c B:/ST/STM32CubeIDE_1.15.1/STM32CubeIDE/plugins/com.st.stm32cube.ide.mcu.externaltools.gnu-tools-for-stm32.12.3.rel1.win32_1.0.100.202403111256/tools/bin/../lib/gcc/arm-none-eabi/12.3.1/../../../../arm-none-eabi/lib/thumb/v7e-m+fp/hard\libc_nano.a(libc_a-init.o)

.debug_line_str
                0x00000000       0x50
 .debug_line_str
                0x00000000       0x50 ./Startup/startup_stm32f407vgtx.o
