Archive member included to satisfy reference by file (symbol)

B:/ST/STM32CubeIDE_1.15.1/STM32CubeIDE/plugins/com.st.stm32cube.ide.mcu.externaltools.gnu-tools-for-stm32.12.3.rel1.win32_1.0.100.202403111256/tools/bin/../lib/gcc/arm-none-eabi/12.3.1/../../../../arm-none-eabi/lib/thumb/v7-m/nofp\libc_nano.a(libc_a-exit.o)
                              B:/ST/STM32CubeIDE_1.15.1/STM32CubeIDE/plugins/com.st.stm32cube.ide.mcu.externaltools.gnu-tools-for-stm32.12.3.rel1.win32_1.0.100.202403111256/tools/bin/../lib/gcc/arm-none-eabi/12.3.1/../../../../arm-none-eabi/lib/thumb/v7-m/nofp/crt0.o (exit)
B:/ST/STM32CubeIDE_1.15.1/STM32CubeIDE/plugins/com.st.stm32cube.ide.mcu.externaltools.gnu-tools-for-stm32.12.3.rel1.win32_1.0.100.202403111256/tools/bin/../lib/gcc/arm-none-eabi/12.3.1/../../../../arm-none-eabi/lib/thumb/v7-m/nofp\libc_nano.a(libc_a-findfp.o)
                              B:/ST/STM32CubeIDE_1.15.1/STM32CubeIDE/plugins/com.st.stm32cube.ide.mcu.externaltools.gnu-tools-for-stm32.12.3.rel1.win32_1.0.100.202403111256/tools/bin/../lib/gcc/arm-none-eabi/12.3.1/../../../../arm-none-eabi/lib/thumb/v7-m/nofp\libc_nano.a(libc_a-exit.o) (__stdio_exit_handler)
B:/ST/STM32CubeIDE_1.15.1/STM32CubeIDE/plugins/com.st.stm32cube.ide.mcu.externaltools.gnu-tools-for-stm32.12.3.rel1.win32_1.0.100.202403111256/tools/bin/../lib/gcc/arm-none-eabi/12.3.1/../../../../arm-none-eabi/lib/thumb/v7-m/nofp\libc_nano.a(libc_a-fwalk.o)
                              B:/ST/STM32CubeIDE_1.15.1/STM32CubeIDE/plugins/com.st.stm32cube.ide.mcu.externaltools.gnu-tools-for-stm32.12.3.rel1.win32_1.0.100.202403111256/tools/bin/../lib/gcc/arm-none-eabi/12.3.1/../../../../arm-none-eabi/lib/thumb/v7-m/nofp\libc_nano.a(libc_a-findfp.o) (_fwalk_sglue)
B:/ST/STM32CubeIDE_1.15.1/STM32CubeIDE/plugins/com.st.stm32cube.ide.mcu.externaltools.gnu-tools-for-stm32.12.3.rel1.win32_1.0.100.202403111256/tools/bin/../lib/gcc/arm-none-eabi/12.3.1/../../../../arm-none-eabi/lib/thumb/v7-m/nofp\libc_nano.a(libc_a-stdio.o)
                              B:/ST/STM32CubeIDE_1.15.1/STM32CubeIDE/plugins/com.st.stm32cube.ide.mcu.externaltools.gnu-tools-for-stm32.12.3.rel1.win32_1.0.100.202403111256/tools/bin/../lib/gcc/arm-none-eabi/12.3.1/../../../../arm-none-eabi/lib/thumb/v7-m/nofp\libc_nano.a(libc_a-findfp.o) (__sread)
B:/ST/STM32CubeIDE_1.15.1/STM32CubeIDE/plugins/com.st.stm32cube.ide.mcu.externaltools.gnu-tools-for-stm32.12.3.rel1.win32_1.0.100.202403111256/tools/bin/../lib/gcc/arm-none-eabi/12.3.1/../../../../arm-none-eabi/lib/thumb/v7-m/nofp\libc_nano.a(libc_a-memset.o)
                              B:/ST/STM32CubeIDE_1.15.1/STM32CubeIDE/plugins/com.st.stm32cube.ide.mcu.externaltools.gnu-tools-for-stm32.12.3.rel1.win32_1.0.100.202403111256/tools/bin/../lib/gcc/arm-none-eabi/12.3.1/../../../../arm-none-eabi/lib/thumb/v7-m/nofp/crt0.o (memset)
B:/ST/STM32CubeIDE_1.15.1/STM32CubeIDE/plugins/com.st.stm32cube.ide.mcu.externaltools.gnu-tools-for-stm32.12.3.rel1.win32_1.0.100.202403111256/tools/bin/../lib/gcc/arm-none-eabi/12.3.1/../../../../arm-none-eabi/lib/thumb/v7-m/nofp\libc_nano.a(libc_a-closer.o)
                              B:/ST/STM32CubeIDE_1.15.1/STM32CubeIDE/plugins/com.st.stm32cube.ide.mcu.externaltools.gnu-tools-for-stm32.12.3.rel1.win32_1.0.100.202403111256/tools/bin/../lib/gcc/arm-none-eabi/12.3.1/../../../../arm-none-eabi/lib/thumb/v7-m/nofp\libc_nano.a(libc_a-stdio.o) (_close_r)
B:/ST/STM32CubeIDE_1.15.1/STM32CubeIDE/plugins/com.st.stm32cube.ide.mcu.externaltools.gnu-tools-for-stm32.12.3.rel1.win32_1.0.100.202403111256/tools/bin/../lib/gcc/arm-none-eabi/12.3.1/../../../../arm-none-eabi/lib/thumb/v7-m/nofp\libc_nano.a(libc_a-reent.o)
                              B:/ST/STM32CubeIDE_1.15.1/STM32CubeIDE/plugins/com.st.stm32cube.ide.mcu.externaltools.gnu-tools-for-stm32.12.3.rel1.win32_1.0.100.202403111256/tools/bin/../lib/gcc/arm-none-eabi/12.3.1/../../../../arm-none-eabi/lib/thumb/v7-m/nofp\libc_nano.a(libc_a-closer.o) (errno)
B:/ST/STM32CubeIDE_1.15.1/STM32CubeIDE/plugins/com.st.stm32cube.ide.mcu.externaltools.gnu-tools-for-stm32.12.3.rel1.win32_1.0.100.202403111256/tools/bin/../lib/gcc/arm-none-eabi/12.3.1/../../../../arm-none-eabi/lib/thumb/v7-m/nofp\libc_nano.a(libc_a-impure.o)
                              B:/ST/STM32CubeIDE_1.15.1/STM32CubeIDE/plugins/com.st.stm32cube.ide.mcu.externaltools.gnu-tools-for-stm32.12.3.rel1.win32_1.0.100.202403111256/tools/bin/../lib/gcc/arm-none-eabi/12.3.1/../../../../arm-none-eabi/lib/thumb/v7-m/nofp\libc_nano.a(libc_a-reent.o) (_impure_ptr)
B:/ST/STM32CubeIDE_1.15.1/STM32CubeIDE/plugins/com.st.stm32cube.ide.mcu.externaltools.gnu-tools-for-stm32.12.3.rel1.win32_1.0.100.202403111256/tools/bin/../lib/gcc/arm-none-eabi/12.3.1/../../../../arm-none-eabi/lib/thumb/v7-m/nofp\libc_nano.a(libc_a-lseekr.o)
[...]
Memory Configuration

Name             Origin             Length             Attributes
RAM              0x20000000         0x00002800         xrw
FLASH            0x08000000         0x00008000         xr
*default*        0x00000000         0xffffffff

Linker script and memory map

LOAD B:/ST/STM32CubeIDE_1.15.1/STM32CubeIDE/plugins/com.st.stm32cube.ide.mcu.externaltools.gnu-tools-for-stm32.12.3.rel1.win32_1.0.100.202403111256/tools/bin/../lib/gcc/arm-none-eabi/12.3.1/thumb/v7-m/nofp/crti.o
LOAD B:/ST/STM32CubeIDE_1.15.1/STM32CubeIDE/plugins/com.st.stm32cube.ide.mcu.externaltools.gnu-tools-for-stm32.12.3.rel1.win32_1.0.100.202403111256/tools/bin/../lib/gcc/arm-none-eabi/12.3.1/thumb/v7-m/nofp/crtbegin.o
LOAD B:/ST/STM32CubeIDE_1.15.1/STM32CubeIDE/plugins/com.st.stm32cube.ide.mcu.externaltools.gnu-tools-for-stm32.12.3.rel1.win32_1.0.100.202403111256/tools/bin/../lib/gcc/arm-none-eabi/12.3.1/../../../../arm-none-eabi/lib/thumb/v7-m/nofp/crt0.o
LOAD ./CAN/CAN.o
LOAD ./GPIO/GPIO.o
LOAD ./Src/main.o
LOAD ./Src/syscalls.o
LOAD ./Src/sysmem.o
LOAD ./Src/system_stm32f1xx.o
LOAD ./Startup/startup_stm32f103c6tx.o
START GROUP
LOAD B:/ST/STM32CubeIDE_1.15.1/STM32CubeIDE/plugins/com.st.stm32cube.ide.mcu.externaltools.gnu-tools-for-stm32.12.3.rel1.win32_1.0.100.202403111256/tools/bin/../lib/gcc/arm-none-eabi/12.3.1/../../../../arm-none-eabi/lib/thumb/v7-m/nofp\libc_nano.a
LOAD B:/ST/STM32CubeIDE_1.15.1/STM32CubeIDE/plugins/com.st.stm32cube.ide.mcu.externaltools.gnu-tools-for-stm32.12.3.rel1.win32_1.0.100.202403111256/tools/bin/../lib/gcc/arm-none-eabi/12.3.1/../../../../arm-none-eabi/lib/thumb/v7-m/nofp\libm.a
END GROUP
START GROUP
LOAD B:/ST/STM32CubeIDE_1.15.1/STM32CubeIDE/plugins/com.st.stm32cube.ide.mcu.externaltools.gnu-tools-for-stm32.12.3.rel1.win32_1.0.100.202403111256/tools/bin/../lib/gcc/arm-none-eabi/12.3.1/thumb/v7-m/nofp\libgcc.a
LOAD B:/ST/STM32CubeIDE_1.15.1/STM32CubeIDE/plugins/com.st.stm32cube.ide.mcu.externaltools.gnu-tools-for-stm32.12.3.rel1.win32_1.0.100.202403111256/tools/bin/../lib/gcc/arm-none-eabi/12.3.1/../../../../arm-none-eabi/lib/thumb/v7-m/nofp\libc_nano.a
END GROUP
START GROUP
LOAD B:/ST/STM32CubeIDE_1.15.1/STM32CubeIDE/plugins/com.st.stm32cube.ide.mcu.externaltools.gnu-tools-for-stm32.12.3.rel1.win32_1.0.100.202403111256/tools/bin/../lib/gcc/arm-none-eabi/12.3.1/thumb/v7-m/nofp\libgcc.a
LOAD B:/ST/STM32CubeIDE_1.15.1/STM32CubeIDE/plugins/com.st.stm32cube.ide.mcu.externaltools.gnu-tools-for-stm32.12.3.rel1.win32_1.0.100.202403111256/tools/bin/../lib/gcc/arm-none-eabi/12.3.1/../../../../arm-none-eabi/lib/thumb/v7-m/nofp\libc_nano.a
LOAD B:/ST/STM32CubeIDE_1.15.1/STM32CubeIDE/plugins/com.st.stm32cube.ide.mcu.externaltools.gnu-tools-for-stm32.12.3.rel1.win32_1.0.100.202403111256/tools/bin/../lib/gcc/arm-none-eabi/12.3.1/../../../../arm-none-eabi/lib/thumb/v7-m/nofp\libnosys.a
END GROUP
START GROUP
LOAD B:/ST/STM32CubeIDE_1.15.1/STM32CubeIDE/plugins/com.st.stm32cube.ide.mcu.externaltools.gnu-tools-for-stm32.12.3.rel1.win32_1.0.100.202403111256/tools/bin/../lib/gcc/arm-none-eabi/12.3.1/thumb/v7-m/nofp\libgcc.a
LOAD B:/ST/STM32CubeIDE_1.15.1/STM32CubeIDE/plugins/com.st.stm32cube.ide.mcu.externaltools.gnu-tools-for-stm32.12.3.rel1.win32_1.0.100.202403111256/tools/bin/../lib/gcc/arm-none-eabi/12.3.1/../../../../arm-none-eabi/lib/thumb/v7-m/nofp\libc_nano.a
LOAD B:/ST/STM32CubeIDE_1.15.1/STM32CubeIDE/plugins/com.st.stm32cube.ide.mcu.externaltools.gnu-tools-for-stm32.12.3.rel1.win32_1.0.100.202403111256/tools/bin/../lib/gcc/arm-none-eabi/12.3.1/../../../../arm-none-eabi/lib/thumb/v7-m/nofp\libnosys.a
END GROUP
LOAD B:/ST/STM32CubeIDE_1.15.1/STM32CubeIDE/plugins/com.st.stm32cube.ide.mcu.externaltools.gnu-tools-for-stm32.12.3.rel1.win32_1.0.100.202403111256/tools/bin/../lib/gcc/arm-none-eabi/12.3.1/thumb/v7-m/nofp/crtend.o
LOAD B:/ST/STM32CubeIDE_1.15.1/STM32CubeIDE/plugins/com.st.stm32cube.ide.mcu.externaltools.gnu-tools-for-stm32.12.3.rel1.win32_1.0.100.202403111256/tools/bin/../lib/gcc/arm-none-eabi/12.3.1/thumb/v7-m/nofp/crtn.o
                0x20002800                        _estack = (ORIGIN (RAM) + LENGTH (RAM))
                0x00000200                        _Min_Heap_Size = 0x200
                0x00000400                        _Min_Stack_Size = 0x400

.isr_vector     0x08000000      0x130
                0x08000000                        . = ALIGN (0x4)
 *(.isr_vector)
 .isr_vector    0x08000000      0x130 ./Startup/startup_stm32f103c6tx.o
                0x08000000                g_pfnVectors
                0x08000130                        . = ALIGN (0x4)

.text           0x08000130      0x964
                0x08000130                        . = ALIGN (0x4)
 *(.text)
 .text          0x08000130       0x40 B:/ST/STM32CubeIDE_1.15.1/STM32CubeIDE/plugins/com.st.stm32cube.ide.mcu.externaltools.gnu-tools-for-stm32.12.3.rel1.win32_1.0.100.202403111256/tools/bin/../lib/gcc/arm-none-eabi/12.3.1/thumb/v7-m/nofp/crtbegin.o
 *(.text*)
 .text.CAN_Init
                0x08000170      0x180 ./CAN/CAN.o
                0x08000170                CAN_Init
 .text.CAN_Start
                0x080002f0       0x54 ./CAN/CAN.o
                0x080002f0                CAN_Start
 .text.CAN_Send_Packet
                0x08000344      0x16e ./CAN/CAN.o
                0x08000344                CAN_Send_Packet
 *fill*         0x080004b2        0x2 
 .text.GPIO_Pin_Setup
                0x080004b4      0x158 ./GPIO/GPIO.o
                0x080004b4                GPIO_Pin_Setup
 .text.__NVIC_EnableIRQ
                0x0800060c       0x38 ./Src/main.o
 .text.__NVIC_SetPriority
                0x08000644       0x54 ./Src/main.o
 .text.SysTick_Config
                0x08000698       0x44 ./Src/main.o
 .text.MCU_Clock_Setup
                0x080006dc       0x98 ./Src/main.o
 .text.Delay_Config
                0x08000774       0x34 ./Src/main.o
 .text.Delay_ms
                0x080007a8       0x50 ./Src/main.o
 .text.Delay_s  0x080007f8       0x32 ./Src/main.o
 *fill*         0x0800082a        0x2 
 .text.main     0x0800082c       0xc4 ./Src/main.o
                0x0800082c                main
 .text.SystemInit
                0x080008f0        0xc ./Src/system_stm32f1xx.o
                0x080008f0                SystemInit
 .text.SystemCoreClockUpdate
                0x080008fc       0xe4 ./Src/system_stm32f1xx.o
                0x080008fc                SystemCoreClockUpdate
 .text.Reset_Handler
                0x080009e0       0x50 ./Startup/startup_stm32f103c6tx.o
                0x080009e0                Reset_Handler
 .text.Default_Handler
                0x08000a30        0x2 ./Startup/startup_stm32f103c6tx.o
                0x08000a30                EXTI2_IRQHandler
                0x08000a30                TIM8_TRG_COM_IRQHandler
                0x08000a30                TIM8_CC_IRQHandler
                0x08000a30                DebugMon_Handler
                0x08000a30                TIM1_CC_IRQHandler
                0x08000a30                HardFault_Handler
                0x08000a30                TIM6_IRQHandler
                0x08000a30                SysTick_Handler
                0x08000a30                PVD_IRQHandler
                0x08000a30                SDIO_IRQHandler
                0x08000a30                PendSV_Handler
                0x08000a30                NMI_Handler
                0x08000a30                EXTI3_IRQHandler
                0x08000a30                USB_HP_CAN_TX_IRQHandler
                0x08000a30                EXTI0_IRQHandler
                0x08000a30                I2C2_EV_IRQHandler
                0x08000a30                UsageFault_Handler
                0x08000a30                ADC1_2_IRQHandler
                0x08000a30                SPI1_IRQHandler
                0x08000a30                CAN_SCE_IRQHandler
                0x08000a30                TAMPER_IRQHandler
                0x08000a30                TIM8_UP_IRQHandler
                0x08000a30                DMA2_Channel2_IRQHandler
                0x08000a30                DMA1_Channel4_IRQHandler
                0x08000a30                USART3_IRQHandler
                0x08000a30                RTC_IRQHandler
                0x08000a30                DMA1_Channel7_IRQHandler
                0x08000a30                UART5_IRQHandler
                0x08000a30                ADC3_IRQHandler
                0x08000a30                TIM4_IRQHandler
                0x08000a30                CAN_RX1_IRQHandler
                0x08000a30                DMA2_Channel1_IRQHandler
                0x08000a30                I2C1_EV_IRQHandler
                0x08000a30                DMA1_Channel6_IRQHandler
                0x08000a30                UART4_IRQHandler
                0x08000a30                TIM3_IRQHandler
                0x08000a30                RCC_IRQHandler
                0x08000a30                TIM1_TRG_COM_IRQHandler
                0x08000a30                DMA1_Channel1_IRQHandler
                0x08000a30                Default_Handler
                0x08000a30                EXTI15_10_IRQHandler
                0x08000a30                TIM7_IRQHandler
                0x08000a30                TIM5_IRQHandler
                0x08000a30                EXTI9_5_IRQHandler
                0x08000a30                SPI2_IRQHandler
                0x08000a30                USB_LP_CAN_RX0_IRQHandler
                0x08000a30                MemManage_Handler
                0x08000a30                SVC_Handler
                0x08000a30                DMA1_Channel5_IRQHandler
                0x08000a30                EXTI4_IRQHandler
                0x08000a30                DMA1_Channel3_IRQHandler
                0x08000a30                FSMC_IRQHandler
                0x08000a30                TIM1_UP_IRQHandler
                0x08000a30                WWDG_IRQHandler
                0x08000a30                TIM2_IRQHandler
                0x08000a30                TIM1_BRK_IRQHandler
                0x08000a30                EXTI1_IRQHandler
                0x08000a30                RTCAlarm_IRQHandler
                0x08000a30                DMA2_Channel4_5_IRQHandler
                0x08000a30                USART2_IRQHandler
                0x08000a30                I2C2_ER_IRQHandler
                0x08000a30                DMA1_Channel2_IRQHandler
                0x08000a30                TIM8_BRK_IRQHandler
                0x08000a30                FLASH_IRQHandler
                0x08000a30                BusFault_Handler
                0x08000a30                USART1_IRQHandler
                0x08000a30                SPI3_IRQHandler
                0x08000a30                I2C1_ER_IRQHandler
                0x08000a30                DMA2_Channel3_IRQHandler
 *fill*         0x08000a32        0x2 
 .text.__libc_init_array
                0x08000a34       0x48 B:/ST/STM32CubeIDE_1.15.1/STM32CubeIDE/plugins/com.st.stm32cube.ide.mcu.externaltools.gnu-tools-for-stm32.12.3.rel1.win32_1.0.100.202403111256/tools/bin/../lib/gcc/arm-none-eabi/12.3.1/../../../../arm-none-eabi/lib/thumb/v7-m/nofp\libc_nano.a(libc_a-init.o)
                0x08000a34                __libc_init_array
 *(.glue_7)
 .glue_7        0x08000a7c        0x0 linker stubs
 *(.glue_7t)
 .glue_7t       0x08000a7c        0x0 linker stubs
 *(.eh_frame)
 .eh_frame      0x08000a7c        0x0 B:/ST/STM32CubeIDE_1.15.1/STM32CubeIDE/plugins/com.st.stm32cube.ide.mcu.externaltools.gnu-tools-for-stm32.12.3.rel1.win32_1.0.100.202403111256/tools/bin/../lib/gcc/arm-none-eabi/12.3.1/thumb/v7-m/nofp/crtbegin.o
 *(.init)
 .init          0x08000a7c        0x4 B:/ST/STM32CubeIDE_1.15.1/STM32CubeIDE/plugins/com.st.stm32cube.ide.mcu.externaltools.gnu-tools-for-stm32.12.3.rel1.win32_1.0.100.202403111256/tools/bin/../lib/gcc/arm-none-eabi/12.3.1/thumb/v7-m/nofp/crti.o
                0x08000a7c                _init
 .init          0x08000a80        0x8 B:/ST/STM32CubeIDE_1.15.1/STM32CubeIDE/plugins/com.st.stm32cube.ide.mcu.externaltools.gnu-tools-for-stm32.12.3.rel1.win32_1.0.100.202403111256/tools/bin/../lib/gcc/arm-none-eabi/12.3.1/thumb/v7-m/nofp/crtn.o
 *(.fini)
 .fini          0x08000a88        0x4 B:/ST/STM32CubeIDE_1.15.1/STM32CubeIDE/plugins/com.st.stm32cube.ide.mcu.externaltools.gnu-tools-for-stm32.12.3.rel1.win32_1.0.100.202403111256/tools/bin/../lib/gcc/arm-none-eabi/12.3.1/thumb/v7-m/nofp/crti.o
                0x08000a88                _fini
 .fini          0x08000a8c        0x8 B:/ST/STM32CubeIDE_1.15.1/STM32CubeIDE/plugins/com.st.stm32cube.ide.mcu.externaltools.gnu-tools-for-stm32.12.3.rel1.win32_1.0.100.202403111256/tools/bin/../lib/gcc/arm-none-eabi/12.3.1/thumb/v7-m/nofp/crtn.o
                0x08000a94                        . = ALIGN (0x4)
                0x08000a94                        _etext = .

.vfp11_veneer   0x08000a94        0x0
 .vfp11_veneer  0x08000a94        0x0 linker stubs

.v4_bx          0x08000a94        0x0
 .v4_bx         0x08000a94        0x0 linker stubs

.iplt           0x08000a94        0x0
 .iplt          0x08000a94        0x0 B:/ST/STM32CubeIDE_1.15.1/STM32CubeIDE/plugins/com.st.stm32cube.ide.mcu.externaltools.gnu-tools-for-stm32.12.3.rel1.win32_1.0.100.202403111256/tools/bin/../lib/gcc/arm-none-eabi/12.3.1/thumb/v7-m/nofp/crtbegin.o

.rodata         0x08000a94       0x10
                0x08000a94                        . = ALIGN (0x4)
 *(.rodata)
 *(.rodata*)
 .rodata.AHBPrescTable
                0x08000a94       0x10 ./Src/system_stm32f1xx.o
                0x08000a94                AHBPrescTable
                0x08000aa4                        . = ALIGN (0x4)

.ARM.extab      0x08000aa4        0x0
                0x08000aa4                        . = ALIGN (0x4)
 *(.ARM.extab* .gnu.linkonce.armextab.*)
                0x08000aa4                        . = ALIGN (0x4)

.ARM            0x08000aa4        0x0
                0x08000aa4                        . = ALIGN (0x4)
                0x08000aa4                        __exidx_start = .
 *(.ARM.exidx*)
                0x08000aa4                        __exidx_end = .
                0x08000aa4                        . = ALIGN (0x4)

.preinit_array  0x08000aa4        0x0
                0x08000aa4                        . = ALIGN (0x4)
                0x08000aa4                        PROVIDE (__preinit_array_start = .)
 *(.preinit_array*)
                0x08000aa4                        PROVIDE (__preinit_array_end = .)
                0x08000aa4                        . = ALIGN (0x4)

.init_array     0x08000aa4        0x4
                0x08000aa4                        . = ALIGN (0x4)
                0x08000aa4                        PROVIDE (__init_array_start = .)
 *(SORT_BY_NAME(.init_array.*))
 *(.init_array*)
 .init_array    0x08000aa4        0x4 B:/ST/STM32CubeIDE_1.15.1/STM32CubeIDE/plugins/com.st.stm32cube.ide.mcu.externaltools.gnu-tools-for-stm32.12.3.rel1.win32_1.0.100.202403111256/tools/bin/../lib/gcc/arm-none-eabi/12.3.1/thumb/v7-m/nofp/crtbegin.o
                0x08000aa8                        PROVIDE (__init_array_end = .)
                0x08000aa8                        . = ALIGN (0x4)

.fini_array     0x08000aa8        0x4
                0x08000aa8                        . = ALIGN (0x4)
                [!provide]                        PROVIDE (__fini_array_start = .)
 *(SORT_BY_NAME(.fini_array.*))
 *(.fini_array*)
 .fini_array    0x08000aa8        0x4 B:/ST/STM32CubeIDE_1.15.1/STM32CubeIDE/plugins/com.st.stm32cube.ide.mcu.externaltools.gnu-tools-for-stm32.12.3.rel1.win32_1.0.100.202403111256/tools/bin/../lib/gcc/arm-none-eabi/12.3.1/thumb/v7-m/nofp/crtbegin.o
                [!provide]                        PROVIDE (__fini_array_end = .)
                0x08000aac                        . = ALIGN (0x4)
                0x08000aac                        _sidata = LOADADDR (.data)

.rel.dyn        0x08000aac        0x0
 .rel.iplt      0x08000aac        0x0 B:/ST/STM32CubeIDE_1.15.1/STM32CubeIDE/plugins/com.st.stm32cube.ide.mcu.externaltools.gnu-tools-for-stm32.12.3.rel1.win32_1.0.100.202403111256/tools/bin/../lib/gcc/arm-none-eabi/12.3.1/thumb/v7-m/nofp/crtbegin.o

.data           0x20000000        0x4 load address 0x08000aac
                0x20000000                        . = ALIGN (0x4)
                0x20000000                        _sdata = .
 *(.data)
 *(.data*)
 .data.SystemCoreClock
                0x20000000        0x4 ./Src/system_stm32f1xx.o
                0x20000000                SystemCoreClock
 *(.RamFunc)
 *(.RamFunc*)
                0x20000004                        . = ALIGN (0x4)
                0x20000004                        _edata = .

.igot.plt       0x20000004        0x0 load address 0x08000ab0
 .igot.plt      0x20000004        0x0 B:/ST/STM32CubeIDE_1.15.1/STM32CubeIDE/plugins/com.st.stm32cube.ide.mcu.externaltools.gnu-tools-for-stm32.12.3.rel1.win32_1.0.100.202403111256/tools/bin/../lib/gcc/arm-none-eabi/12.3.1/thumb/v7-m/nofp/crtbegin.o
                0x20000004                        . = ALIGN (0x4)

.bss            0x20000004       0x64 load address 0x08000ab0
                0x20000004                        _sbss = .
                0x20000004                        __bss_start__ = _sbss
 *(.bss)
 .bss           0x20000004       0x1c B:/ST/STM32CubeIDE_1.15.1/STM32CubeIDE/plugins/com.st.stm32cube.ide.mcu.externaltools.gnu-tools-for-stm32.12.3.rel1.win32_1.0.100.202403111256/tools/bin/../lib/gcc/arm-none-eabi/12.3.1/thumb/v7-m/nofp/crtbegin.o
 *(.bss*)
 .bss.SLAVE1    0x20000020       0x14 ./Src/main.o
                0x20000020                SLAVE1
 .bss.SLAVE1_TX
                0x20000034       0x34 ./Src/main.o
                0x20000034                SLAVE1_TX
 *(COMMON)
                0x20000068                        . = ALIGN (0x4)
                0x20000068                        _ebss = .
                0x20000068                        __bss_end__ = _ebss

._user_heap_stack
                0x20000068      0x600 load address 0x08000ab0
                0x20000068                        . = ALIGN (0x8)
                [!provide]                        PROVIDE (end = .)
                0x20000068                        PROVIDE (_end = .)
                0x20000268                        . = (. + _Min_Heap_Size)
 *fill*         0x20000068      0x200 
                0x20000668                        . = (. + _Min_Stack_Size)
 *fill*         0x20000268      0x400 
                0x20000668                        . = ALIGN (0x8)

/DISCARD/
 libc.a(*)
 libm.a(*)
 libgcc.a(*)

.ARM.attributes
                0x00000000       0x29
 *(.ARM.attributes)
 .ARM.attributes
                0x00000000       0x1d B:/ST/STM32CubeIDE_1.15.1/STM32CubeIDE/plugins/com.st.stm32cube.ide.mcu.externaltools.gnu-tools-for-stm32.12.3.rel1.win32_1.0.100.202403111256/tools/bin/../lib/gcc/arm-none-eabi/12.3.1/thumb/v7-m/nofp/crti.o
 .ARM.attributes
                0x0000001d       0x2d B:/ST/STM32CubeIDE_1.15.1/STM32CubeIDE/plugins/com.st.stm32cube.ide.mcu.externaltools.gnu-tools-for-stm32.12.3.rel1.win32_1.0.100.202403111256/tools/bin/../lib/gcc/arm-none-eabi/12.3.1/thumb/v7-m/nofp/crtbegin.o
 .ARM.attributes
                0x0000004a       0x2d ./CAN/CAN.o
 .ARM.attributes
                0x00000077       0x2d ./GPIO/GPIO.o
 .ARM.attributes
                0x000000a4       0x2d ./Src/main.o
 .ARM.attributes
                0x000000d1       0x2d ./Src/system_stm32f1xx.o
 .ARM.attributes
                0x000000fe       0x21 ./Startup/startup_stm32f103c6tx.o
 .ARM.attributes
                0x0000011f       0x2d B:/ST/STM32CubeIDE_1.15.1/STM32CubeIDE/plugins/com.st.stm32cube.ide.mcu.externaltools.gnu-tools-for-stm32.12.3.rel1.win32_1.0.100.202403111256/tools/bin/../lib/gcc/arm-none-eabi/12.3.1/../../../../arm-none-eabi/lib/thumb/v7-m/nofp\libc_nano.a(libc_a-init.o)
 .ARM.attributes
                0x0000014c       0x1d B:/ST/STM32CubeIDE_1.15.1/STM32CubeIDE/plugins/com.st.stm32cube.ide.mcu.externaltools.gnu-tools-for-stm32.12.3.rel1.win32_1.0.100.202403111256/tools/bin/../lib/gcc/arm-none-eabi/12.3.1/thumb/v7-m/nofp/crtn.o
OUTPUT(CAN_F103.elf elf32-littlearm)
LOAD linker stubs
LOAD B:/ST/STM32CubeIDE_1.15.1/STM32CubeIDE/plugins/com.st.stm32cube.ide.mcu.externaltools.gnu-tools-for-stm32.12.3.rel1.win32_1.0.100.202403111256/tools/bin/../lib/gcc/arm-none-eabi/12.3.1/../../../../arm-none-eabi/lib/thumb/v7-m/nofp\libc.a
LOAD B:/ST/STM32CubeIDE_1.15.1/STM32CubeIDE/plugins/com.st.stm32cube.ide.mcu.externaltools.gnu-tools-for-stm32.12.3.rel1.win32_1.0.100.202403111256/tools/bin/../lib/gcc/arm-none-eabi/12.3.1/../../../../arm-none-eabi/lib/thumb/v7-m/nofp\libm.a
LOAD B:/ST/STM32CubeIDE_1.15.1/STM32CubeIDE/plugins/com.st.stm32cube.ide.mcu.externaltools.gnu-tools-for-stm32.12.3.rel1.win32_1.0.100.202403111256/tools/bin/../lib/gcc/arm-none-eabi/12.3.1/thumb/v7-m/nofp\libgcc.a

.debug_info     0x00000000     0x2444
 .debug_info    0x00000000      0xa84 ./CAN/CAN.o
 .debug_info    0x00000a84      0x7cb ./GPIO/GPIO.o
 .debug_info    0x0000124f      0xfaa ./Src/main.o
 .debug_info    0x000021f9      0x21b ./Src/system_stm32f1xx.o
 .debug_info    0x00002414       0x30 ./Startup/startup_stm32f103c6tx.o

.debug_abbrev   0x00000000      0x87b
 .debug_abbrev  0x00000000      0x203 ./CAN/CAN.o
 .debug_abbrev  0x00000203      0x1d7 ./GPIO/GPIO.o
 .debug_abbrev  0x000003da      0x33e ./Src/main.o
 .debug_abbrev  0x00000718      0x13f ./Src/system_stm32f1xx.o
 .debug_abbrev  0x00000857       0x24 ./Startup/startup_stm32f103c6tx.o

.debug_aranges  0x00000000      0x128
 .debug_aranges
                0x00000000       0x40 ./CAN/CAN.o
 .debug_aranges
                0x00000040       0x38 ./GPIO/GPIO.o
 .debug_aranges
                0x00000078       0x60 ./Src/main.o
 .debug_aranges
                0x000000d8       0x28 ./Src/system_stm32f1xx.o
 .debug_aranges
                0x00000100       0x28 ./Startup/startup_stm32f103c6tx.o

.debug_rnglists
                0x00000000       0xce
 .debug_rnglists
                0x00000000       0x2f ./CAN/CAN.o
 .debug_rnglists
                0x0000002f       0x27 ./GPIO/GPIO.o
 .debug_rnglists
                0x00000056       0x45 ./Src/main.o
 .debug_rnglists
                0x0000009b       0x1a ./Src/system_stm32f1xx.o
 .debug_rnglists
                0x000000b5       0x19 ./Startup/startup_stm32f103c6tx.o

.debug_macro    0x00000000    0x1176b
 .debug_macro   0x00000000      0x267 ./CAN/CAN.o
 .debug_macro   0x00000267      0xaae ./CAN/CAN.o
 .debug_macro   0x00000d15       0x22 ./CAN/CAN.o
 .debug_macro   0x00000d37       0x22 ./CAN/CAN.o
 .debug_macro   0x00000d59       0x8e ./CAN/CAN.o
 .debug_macro   0x00000de7       0x51 ./CAN/CAN.o
 .debug_macro   0x00000e38      0x103 ./CAN/CAN.o
 .debug_macro   0x00000f3b       0x6a ./CAN/CAN.o
 .debug_macro   0x00000fa5      0x1df ./CAN/CAN.o
 .debug_macro   0x00001184       0x1c ./CAN/CAN.o
 .debug_macro   0x000011a0       0x22 ./CAN/CAN.o
 .debug_macro   0x000011c2       0xbd ./CAN/CAN.o
 .debug_macro   0x0000127f      0xd23 ./CAN/CAN.o
 .debug_macro   0x00001fa2     0xde75 ./CAN/CAN.o
 .debug_macro   0x0000fe17       0x97 ./CAN/CAN.o
 .debug_macro   0x0000feae       0x61 ./CAN/CAN.o
 .debug_macro   0x0000ff0f       0x24 ./CAN/CAN.o
 .debug_macro   0x0000ff33       0x43 ./CAN/CAN.o
 .debug_macro   0x0000ff76       0x34 ./CAN/CAN.o
 .debug_macro   0x0000ffaa       0x16 ./CAN/CAN.o
 .debug_macro   0x0000ffc0       0x9e ./CAN/CAN.o
 .debug_macro   0x0001005e      0x369 ./CAN/CAN.o
 .debug_macro   0x000103c7      0x10b ./CAN/CAN.o
 .debug_macro   0x000104d2       0x10 ./CAN/CAN.o
 .debug_macro   0x000104e2       0x16 ./CAN/CAN.o
 .debug_macro   0x000104f8       0x43 ./CAN/CAN.o
 .debug_macro   0x0001053b       0x34 ./CAN/CAN.o
 .debug_macro   0x0001056f       0x10 ./CAN/CAN.o
 .debug_macro   0x0001057f       0x58 ./CAN/CAN.o
 .debug_macro   0x000105d7       0x8e ./CAN/CAN.o
 .debug_macro   0x00010665       0x1c ./CAN/CAN.o
 .debug_macro   0x00010681      0x177 ./CAN/CAN.o
 .debug_macro   0x000107f8       0x16 ./CAN/CAN.o
 .debug_macro   0x0001080e       0x16 ./CAN/CAN.o
 .debug_macro   0x00010824      0x146 ./CAN/CAN.o
 .debug_macro   0x0001096a      0x19b ./CAN/CAN.o
 .debug_macro   0x00010b05       0x10 ./CAN/CAN.o
 .debug_macro   0x00010b15       0x35 ./CAN/CAN.o
 .debug_macro   0x00010b4a      0x460 ./CAN/CAN.o
 .debug_macro   0x00010faa       0x16 ./CAN/CAN.o
 .debug_macro   0x00010fc0       0x20 ./CAN/CAN.o
 .debug_macro   0x00010fe0       0x16 ./CAN/CAN.o
 .debug_macro   0x00010ff6       0x16 ./CAN/CAN.o
 .debug_macro   0x0001100c       0x29 ./CAN/CAN.o
 .debug_macro   0x00011035       0x4c ./CAN/CAN.o
 .debug_macro   0x00011081       0x22 ./CAN/CAN.o
 .debug_macro   0x000110a3       0x16 ./CAN/CAN.o
 .debug_macro   0x000110b9       0x96 ./CAN/CAN.o
 .debug_macro   0x0001114f      0x254 ./GPIO/GPIO.o
 .debug_macro   0x000113a3      0x267 ./Src/main.o
 .debug_macro   0x0001160a       0xc6 ./Src/system_stm32f1xx.o
 .debug_macro   0x000116d0       0x2e ./Src/system_stm32f1xx.o
 .debug_macro   0x000116fe       0x6d ./Src/system_stm32f1xx.o

.debug_line     0x00000000     0x237f
 .debug_line    0x00000000      0xbb5 ./CAN/CAN.o
 .debug_line    0x00000bb5      0x893 ./GPIO/GPIO.o
 .debug_line    0x00001448      0x998 ./Src/main.o
 .debug_line    0x00001de0      0x524 ./Src/system_stm32f1xx.o
 .debug_line    0x00002304       0x7b ./Startup/startup_stm32f103c6tx.o

.debug_str      0x00000000    0x592a0
 .debug_str     0x00000000    0x58dbf ./CAN/CAN.o
                              0x590e8 (size before relaxing)
 .debug_str     0x00058dbf      0x31d ./GPIO/GPIO.o
                              0x58e94 (size before relaxing)
 .debug_str     0x000590dc      0x106 ./Src/main.o
                              0x59509 (size before relaxing)
 .debug_str     0x000591e2       0x7f ./Src/system_stm32f1xx.o
                              0x534da (size before relaxing)
 .debug_str     0x00059261       0x3f ./Startup/startup_stm32f103c6tx.o
                                 0x6c (size before relaxing)

.comment        0x00000000       0x43
 .comment       0x00000000       0x43 ./CAN/CAN.o
                                 0x44 (size before relaxing)
 .comment       0x00000043       0x44 ./GPIO/GPIO.o
 .comment       0x00000043       0x44 ./Src/main.o
 .comment       0x00000043       0x44 ./Src/system_stm32f1xx.o

.debug_frame    0x00000000      0x34c
 .debug_frame   0x00000000       0xd4 ./CAN/CAN.o
 .debug_frame   0x000000d4       0xac ./GPIO/GPIO.o
 .debug_frame   0x00000180      0x148 ./Src/main.o
 .debug_frame   0x000002c8       0x58 ./Src/system_stm32f1xx.o
 .debug_frame   0x00000320       0x2c B:/ST/STM32CubeIDE_1.15.1/STM32CubeIDE/plugins/com.st.stm32cube.ide.mcu.externaltools.gnu-tools-for-stm32.12.3.rel1.win32_1.0.100.202403111256/tools/bin/../lib/gcc/arm-none-eabi/12.3.1/../../../../arm-none-eabi/lib/thumb/v7-m/nofp\libc_nano.a(libc_a-init.o)

.debug_line_str
                0x00000000       0x50
 .debug_line_str
                0x00000000       0x50 ./Startup/startup_stm32f103c6tx.o
